#
# Fizbans realm.map
#
# Updates:
#
# Trefoil, 4 Aug 02, updates for main village map redivision
#          Moved Museum Entrance from p3 to p5
#

room: /players/fizban/aardvark/entrance
page: 5
map:  (Museum) (Entrance) 380 430 std proto room
      east passage
      385 420 mv (\(See p. 20\)) show

#
#
#

room: /players/fizban/aardvark/egypt
page: 20
map:  (Ancient) (Egypt)  175  335 std room
         east passage

room: /players/fizban/aardvark/india
page: 20
map:  (Hall of) (India)  250  395 std room
         south passage

room: /players/fizban/aardvark/prehistory
page: 20
map:  (Hall of) (Prehistory)  345  285 std room
         west passage
      332 297 moveto (Up) show

room: /players/fizban/aardvark/proto-south
page: 20
map:  % obsolete

room: /players/fizban/aardvark/china
page: 20
map:  (Ancient)(China) 250 275 std room north passage

room: /players/fizban/aardvark/rotunda
page: 20
realm: Aardvark's Museum--Gateway to Adventureland
map:  (Heimdall's) (Path) 395 335 std proto outdoor room
      450 341 moveto (\(See p. 3\)) show
      (Museum) (Entrance) 325 335 std outdoor room
         east passage west passage
      %/ZapfChancery-MediumItalic findfont 16 scalefont setfont
      %30 675 moveto (Aardvark's Museum\320Gateway to Adventureland) show
      (Museum) (Rotunda) 275 345 stdr round-room
         north passage
         east passage
         west passage
         south passage
         southeast passage
      301 320 moveto (Dn) show

room:   /players/fizban/india/above-snake-pit
page:   21
orient: land
map:    (Above) (Snake Pit) 430  340 std room
         west passage
         south passage

room: /players/fizban/india/altar
page: 21
orient: land
map:  (Siva's) (Altar) 640  240 std room
          west special passage

room: /players/fizban/india/bamboo
page: 21
orient: land
map:  (Bamboo) (Room) 220  300 std room
         east passage
         south passage
     np 245 280 mv 310 280 ln stroke

room: /players/fizban/india/bottom-of-stairway
page: 21
orient: land
realm: Aardvark's Museum: "Artifacts of Ancient India"
map:  330 370 mv 10 it (Exit to museum \(p. 20\)) show
      18 it 500 370 mv (Upper Level) show
     36 it 60 550 mv (Aardvark's Museum:) show
     36 it 100 500 mv (\252Artifacts of Ancient India\272) show

      (Top of) (Stairway) 300  390 std room
      south passage
      np 300 390 mv 270 360 ln stroke
      288 390 mv (Dn) show
      260 365 mv (Up) show
      (Bottom of) (Stairway) 220  340 std room
         east passage
         west passage

room: /players/fizban/india/dome
page: 21
orient: land
map:  (Inside) (Dome) 360 240 std room
         north passage
         east passage
         west passage
     np 320 280 mv 385 280 ln stroke

room: /players/fizban/india/east-bank
page: 21
orient: land
map:  (East Bank) (of River) 200   60 std room
      250 80 270 100 arrow
     240 83 mv (Up) show
     270 100 mv (to Mara's Statue) show

room: /players/fizban/india/flat
page: 21
orient: land
map:  (Flat) (Room) 220  240 std room east special passage

room: /players/fizban/india/incense
page: 21
orient: land
map:  (Incense) (Room) 500  240 std room
         east passage
         west passage
         south passage

room: /players/fizban/india/kitchen
page: 21
orient: land
map:  (Kitchen) () 150  380 std room
         south passage
       south door
      150 380 130 340 arrow
     138 380 mv (Dn) show
     120 330 mv (to Spice Cellar) show

room: /players/fizban/india/lakshmi
page: 21
orient: land
map:  (Lakshmi's) (Statue) 290  240 std room
         north passage
       east passage

room: /players/fizban/india/ledge
page: 21
orient: land
map:  (Small) (Ledge) 510  290 std room
      [3 2] 4 sd
     np 510 290 mv 480 260 ln stroke
     []0 sd
      470 263 moveto (Up) show
      498 290 moveto (Dn) show

room: /players/fizban/india/mara
page: 21
orient: land
map:  (Mara's) (Statue) 290  340 std room
         east passage
         west passage
         south passage
     np 360 350 mv 420 350 ln stroke
     290 340 280 330 arrow
      290 330 moveto (Dn) show

room: /players/fizban/india/marketplace
page: 21
orient: land
map:  (Market-) (Place) 150  340 std room
         east passage
       np 175 360 mv 175 370 ln stroke

room: /players/fizban/india/mushroom-room
page: 21
orient: land
map:  (Mushroom) (Room)  60  140 std room
         west passage
         south passage
     np 40 150 mv 40 70 ln stroke

room: /players/fizban/india/shaft
page: 21
orient: land
map:  (Vertical) (Shaft) 430  240 std room
         north passage
         east passage
         west passage
     np 455 260 mv 455 340 ln stroke

room: /players/fizban/india/snake-pit
page: 21
orient: land
map:  (In) (Snake Pit) 360 300 std room
      [3 2] 4 sd
     np 410 320 mv 430 340 ln stroke
     []0 sd
      430 330 moveto (Dn) show
      400 323 moveto (Up) show

room: /players/fizban/india/spice-cellar
page: 21
orient: land
map:  (Spice) (Cellar)  60  100 std room
         north passage
         south passage
       130 140 110 120 arrow
       130 140 mv (from Kitchen) show
         18 it 180 120 mv (Lower Level) show


room: /players/fizban/india/temple
page: 21
orient: land
map:  (Siva's) (Temple) 570  240 std room west passage

room: /players/fizban/india/top-of-stairway
page: 20
map:  (Top of) (Stairway) 250 435 std room
          south special passage
          250 460 moveto (\(See p. 21\)) show

room: /players/fizban/india/vishnu
page: 21
orient: land
map:  (Vishnu's) (Statue) 290  300 std room
         north passage
         west passage
         south passage

room: /players/fizban/india/warehouse
page: 21
orient: land
map:  (Warehouse) ()  60   60 std room
         north passage
         east passage
         west passage

room: /players/fizban/india/well
page: 21
orient: land
map:  (Varuna's) (Well)  525  190 stdr round-room
         north passage

room: /players/fizban/india/west-bank
page: 21
orient: land
map:  (West Bank) (of River) 130   60 std room
         east special passage
         west passage

room: /players/fizban/prehistory/above-canyon
page: 23
realm: Aardvark's Museum: "Hall of Prehistory"
map:  %(Hall of) (Prehistory) 350 650 std proto room
      %    south special passage
      %    350 672 moveto (\(See p. 20\)) show
     36 it 30 675 mv (Aardvark's Museum:) show
         30 640 mv (\252Hall of Prehistory\272) show

      %/ZapfChancery-MediumItalic findfont 16 scalefont setfont
      %30 675 moveto (Aardvark's Museum: \252Hall of Prehistory\272) show
      (North/South) (Corridor) 350  610  55  20 room
         south passage
       north passage
     350 650 mv 10 it (Exit to museum \(p. 20\)) show
      (Above) (Canyon) 350  570 std room
      %   north passage

room: /players/fizban/prehistory/above-pit
page: 23
map:  (Above) (Shallow Pit) 470  230 std dark room west passage

room: /players/fizban/prehistory/bed1
page: 23
map:  (End of) (Riverbed) 260  270 std room
         east passage
         west passage
         south passage

room: /players/fizban/prehistory/bed2
page: 23
map:  (Narrow) (Riverbed) 260  230 std room
         north passage

room: /players/fizban/prehistory/cairn
page: 23
map:  (Cave Bear) (Cairn) 190  350 std dark room
         south special passage
         north passage

room: /players/fizban/prehistory/canyon
page: 23
map:  (East End) (of Canyon) 470  270 std room
         west passage
      [3 2] 4 sd
      newpath 400 570 moveto 470 290 lineto
     stroke
     []0 sd
      402 570 moveto (Dn) show
      472 292 moveto (Up) show

room: /players/fizban/prehistory/cave-in
page: 23
map:  (Cave-In) (Site) 190  430 std dark room
          south special passage

room: /players/fizban/prehistory/cavern
page: 23
map:  (Large) (Cavern) 190  390 std dark room
         south passage

room: /players/fizban/prehistory/crack
page: 23
map:  (Large) (Crack) 155  210 std room
      195 232 moveto (Up) show
      newpath 205 210 moveto 170 170 lineto stroke
      207 210 moveto (Dn) show

room: /players/fizban/prehistory/grave
page: 23
map:  (Neanderthal) (Grave) 185  310 60 20 dark room south passage

room: /players/fizban/prehistory/jct
page: 23
map:  (Canyon) (Junction) 330  270 std room
         north passage
         east passage
         west passage

room: /players/fizban/prehistory/ledge
page: 23
map:  (Ledge) () 120  150 std room
      160 172 moveto (Up) show

room: /players/fizban/prehistory/limestone
page: 23
map:  (Limestone) (Cavern) 400  270 std room
         east passage
         west passage
         south passage

room: /players/fizban/prehistory/narrow
page: 23
map:  (Narrow) (Room) 400  230 std dark room
         north passage
         east passage

room: /players/fizban/prehistory/ns-corridor
page: 20
map:  (North/South) (Corridor) 340 245 60 20 proto dark room
          north special passage
      355 235 moveto (\(See p. 23\)) show

room: /players/fizban/prehistory/oily
page: 23
map:  (Oily End) (of Canyon) 260  350 std room
         south passage

room: /players/fizban/prehistory/pit
page: 23
map:  (Shallow) (Pit) 400  190 std dark room
         south passage
     [3 2] 4 sd
      newpath 450 210 moveto 470 230 lineto
     stroke
     []0 sd
      440 212 moveto (Up) show
      458 230 moveto (Dn) show

room: /players/fizban/prehistory/rex
page: 23
map:  (Tyranno-) (saurus Rex) 50  150 std room east special passage

room: /players/fizban/prehistory/rubble
page: 23
map:  (Rubble) (Canyon) 260  310 std room north passage
      312 310 moveto (Dn) show

room: /players/fizban/prehistory/sandstone
page: 23
map:  (Sandstone) (Area) 190  270 std room
         north passage
         east passage
      newpath 240 270 moveto 205 230 lineto stroke
      242 270 moveto (Dn) show

room: /players/fizban/prehistory/slab
page: 23
map:  (Shale) (Slab) 330  310 std room
      south passage west special passage
      318 322 moveto (Up) show
     64 64 1 40 40 390 300 DrawImage
      ffffffffffffffffffffffffffffffffffffffffffffffffffffffe1ffff
      ffffffffff80ffffffffffffff007fffffffffffff001ffffffffffffe00
      1cfffffffffffe00003dfffffffffe0000087ffffffc1e0000007ffffff8
      000000001ffffff8000000001ffffff8000000000ffffff8000000000fff
      fff8000000001ffffff0000000001fffffe0000000001fffff8000000000
      01fffe000000000000fff8000000000000fff80000000000007ff0000000
      0000007ff00000000000007ff80000000000003fff0000000000001fff80
      00000000001fff8000000000001fff8000000000001fff8000000000000f
      ff8000000000000fff0000000000000ffe0000000000001ffe0000000000
      007ffc000000000007fffc00000000000ffffc00000000000ffffe000000
      00000ffffe00000000001fffff00000000000fffff00000000000fffff00
      000000000fffff00000000000ffffe00000000000ffffc00000000000fff
      fc000000000007fffc00800000300ffffc006000007c1ffffc007000007f
      ffffff11f800007ffffffffffc00003ffffffffffe00003ffffffffffe00
      003ffffffffffe00003fffffffffff00003fffffffffff00003fffffffff
      ffc0003fffffffffffc0007fffffffffffe86fffffffffffffffffffffff
      ffffffffffffffffffffffffffffffffffffffffffffffffffffffffffff
      ffff

room: /players/fizban/prehistory/waterfall
page: 23
map:  (Below) (Waterfall) 260  190 std room north special passage

room: /players/fizban/prehistory/west-rim
page: 23
map:  (West Rim) (of Canyon) 400  150 std room north passage

